// Jest Snapshot v1, https://goo.gl/fbAQLP

exports[`Home renders correctly 1`] = `
Array [
  <nav
    className="nav-con"
  >
    <h1>
      Math Magician
    </h1>
    <ul>
      <li
        className="home"
      >
        <a
          href="/"
          onClick={[Function]}
        >
          Home
        </a>
      </li>
      <li
        className="calc"
      >
        <a
          href="/calculator"
          onClick={[Function]}
        >
          Calulator
        </a>
      </li>
      <li
        className="quo"
      >
        <a
          href="/quote"
          onClick={[Function]}
        >
          Quote
        </a>
      </li>
    </ul>
  </nav>,
  <main>
    <div
      className="contents"
    >
      <h2>
        Welcome to our Page!
      </h2>
      <p>
        Lorem ipsum dolor sit amet consectetur adipisicing elit. Maiores reprehenderit animi, quisquam voluptatum magnam corporis dicta dolorem tenetur enim repellendus dolorum possimus facilis sed illo laudantium, esse iste aliquid porro!
      </p>
      <p>
        Lorem ipsum dolor sit amet consectetur adipisicing elit. Maiores reprehenderit animi, quisquam voluptatum magnam corporis dicta dolorem tenetur enim repellendus dolorum possimus facilis sed illo laudantium, esse iste aliquid porro!
      </p>
    </div>
  </main>,
]
`;
